Kronos validation error: API returned 422 - defaulting to ALLOW
Kronos validation error: API returned 422 - defaulting to ALLOW
{"timestamp": "2026-04-09T22:25:49.793711+00:00", "signal": "BUY", "symbol": "EURUSD", "kronos_agree": true, "confidence": 0.5, "threshold": 0.75, "decision": "ALLOW_ERROR", "mode": "advisory", "reason": "Error: API returned 422"}
Kronos validation error: API returned 422 - defaulting to ALLOW
{"timestamp": "2026-04-09T22:25:49.815267+00:00", "signal": "SELL", "symbol": "EURUSD", "kronos_agree": true, "confidence": 0.5, "threshold": 0.75, "decision": "ALLOW_ERROR", "mode": "advisory", "reason": "Error: API returned 422"}
{"timestamp": "2026-04-09T22:26:58.299474+00:00", "signal": "BUY", "symbol": "EURUSD", "kronos_agree": false, "confidence": 0.5, "threshold": 0.75, "decision": "VETO_ADVISORY", "mode": "advisory", "reason": "Low Confidence (50%)"}
{"timestamp": "2026-04-09T22:26:58.424740+00:00", "signal": "SELL", "symbol": "EURUSD", "kronos_agree": false, "confidence": 0.5, "threshold": 0.75, "decision": "VETO_ADVISORY", "mode": "advisory", "reason": "Low Confidence (50%)"}
Veto Gate mode switched to: enforced
{"timestamp": "2026-04-09T22:26:58.550440+00:00", "signal": "BUY", "symbol": "EURUSD", "kronos_agree": false, "confidence": 0.5, "threshold": 0.75, "decision": "VETO_BLOCKED", "mode": "enforced", "reason": "Low Confidence (50%)"}
Veto Gate mode switched to: advisory
{"timestamp": "2026-04-09T23:05:11.640141+00:00", "signal": "BUY", "symbol": "EURUSD", "kronos_agree": false, "confidence": 0.5, "threshold": 0.75, "decision": "VETO_ADVISORY", "mode": "advisory", "reason": "Low Confidence (50%)"}
{"timestamp": "2026-04-09T23:05:11.702821+00:00", "signal": "SELL", "symbol": "EURUSD", "kronos_agree": false, "confidence": 0.5, "threshold": 0.75, "decision": "VETO_ADVISORY", "mode": "advisory", "reason": "Low Confidence (50%)"}
{"timestamp": "2026-04-09T23:06:25.896212+00:00", "signal": "BUY", "symbol": "EURUSD", "kronos_agree": false, "confidence": 0.5, "threshold": 0.75, "decision": "VETO_ADVISORY", "mode": "advisory", "reason": "Low Confidence (50%)"}
{"timestamp": "2026-04-09T23:06:25.959168+00:00", "signal": "SELL", "symbol": "EURUSD", "kronos_agree": false, "confidence": 0.5, "threshold": 0.75, "decision": "VETO_ADVISORY", "mode": "advisory", "reason": "Low Confidence (50%)"}
{"timestamp": "2026-04-09T23:07:26.167191+00:00", "signal": "BUY", "symbol": "EURUSD", "kronos_agree": false, "confidence": 0.5, "threshold": 0.75, "decision": "VETO_ADVISORY", "mode": "advisory", "reason": "Low Confidence (50%)"}
{"timestamp": "2026-04-09T23:07:26.271240+00:00", "signal": "SELL", "symbol": "EURUSD", "kronos_agree": false, "confidence": 0.5, "threshold": 0.75, "decision": "VETO_ADVISORY", "mode": "advisory", "reason": "Low Confidence (50%)"}
{"timestamp": "2026-04-09T23:08:44.951197+00:00", "signal": "BUY", "symbol": "EURUSD", "kronos_agree": true, "confidence": 1.0, "threshold": 0.75, "decision": "ALLOW", "mode": "advisory", "reason": "Oracle Agrees (100%)"}
{"timestamp": "2026-04-09T23:08:45.009898+00:00", "signal": "SELL", "symbol": "EURUSD", "kronos_agree": true, "confidence": 1.0, "threshold": 0.75, "decision": "ALLOW", "mode": "advisory", "reason": "Oracle Agrees (100%)"}
Kronos validation error: 'volume' - defaulting to ALLOW
{"timestamp": "2026-04-10T13:22:58.683256+00:00", "signal": "BUY", "symbol": "EURUSDc", "kronos_agree": true, "confidence": 0.5, "threshold": 0.75, "decision": "ALLOW_ERROR", "mode": "advisory", "reason": "Error: 'volume'"}
Kronos validation error: 'volume' - defaulting to ALLOW
{"timestamp": "2026-04-11T03:16:43.272917+00:00", "signal": "BUY", "symbol": "BTCUSD", "kronos_agree": true, "confidence": 0.5, "threshold": 0.75, "decision": "ALLOW_ERROR", "mode": "advisory", "reason": "Error: 'volume'"}
Kronos validation error: 'volume' - defaulting to ALLOW
{"timestamp": "2026-04-13T14:43:21.086128+00:00", "signal": "BUY", "symbol": "EURUSDc", "kronos_agree": true, "confidence": 0.5, "threshold": 0.5, "decision": "ALLOW_ERROR", "mode": "advisory", "reason": "Error: 'volume'"}
Kronos validation error: 'volume' - defaulting to ALLOW
{"timestamp": "2026-04-14T08:14:01.786366+00:00", "signal": "BUY", "symbol": "EURUSDc", "kronos_agree": true, "confidence": 0.5, "threshold": 0.5, "decision": "ALLOW_ERROR", "mode": "advisory", "reason": "Error: 'volume'"}
Kronos validation error: 'volume' - defaulting to ALLOW
{"timestamp": "2026-04-14T08:14:40.802636+00:00", "signal": "BUY", "symbol": "EURUSDc", "kronos_agree": true, "confidence": 0.5, "threshold": 0.5, "decision": "ALLOW_ERROR", "mode": "advisory", "reason": "Error: 'volume'"}
Kronos validation error: 'volume' - defaulting to ALLOW
{"timestamp": "2026-04-14T09:13:23.790580+00:00", "signal": "BUY", "symbol": "EURUSDc", "kronos_agree": true, "confidence": 0.5, "threshold": 0.5, "decision": "ALLOW_ERROR", "mode": "advisory", "reason": "Error: 'volume'"}
Kronos validation error: 'volume' - defaulting to ALLOW
{"timestamp": "2026-04-14T09:14:41.034560+00:00", "signal": "BUY", "symbol": "EURUSDc", "kronos_agree": true, "confidence": 0.5, "threshold": 0.5, "decision": "ALLOW_ERROR", "mode": "advisory", "reason": "Error: 'volume'"}
Kronos validation error: 'volume' - defaulting to ALLOW
{"timestamp": "2026-04-14T09:43:26.147465+00:00", "signal": "BUY", "symbol": "EURUSDc", "kronos_agree": true, "confidence": 0.5, "threshold": 0.5, "decision": "ALLOW_ERROR", "mode": "advisory", "reason": "Error: 'volume'"}
Kronos validation error: 'volume' - defaulting to ALLOW
{"timestamp": "2026-04-14T09:44:41.151997+00:00", "signal": "BUY", "symbol": "EURUSDc", "kronos_agree": true, "confidence": 0.5, "threshold": 0.5, "decision": "ALLOW_ERROR", "mode": "advisory", "reason": "Error: 'volume'"}
Kronos validation error: 'volume' - defaulting to ALLOW
{"timestamp": "2026-04-14T13:13:26.560194+00:00", "signal": "BUY", "symbol": "EURUSDc", "kronos_agree": true, "confidence": 0.5, "threshold": 0.5, "decision": "ALLOW_ERROR", "mode": "advisory", "reason": "Error: 'volume'"}
Kronos validation error: 'volume' - defaulting to ALLOW
{"timestamp": "2026-04-14T14:28:26.793472+00:00", "signal": "BUY", "symbol": "EURUSDc", "kronos_agree": true, "confidence": 0.5, "threshold": 0.5, "decision": "ALLOW_ERROR", "mode": "advisory", "reason": "Error: 'volume'"}
Kronos validation error: 'volume' - defaulting to ALLOW
{"timestamp": "2026-04-14T14:43:26.916000+00:00", "signal": "BUY", "symbol": "EURUSDc", "kronos_agree": true, "confidence": 0.5, "threshold": 0.5, "decision": "ALLOW_ERROR", "mode": "advisory", "reason": "Error: 'volume'"}
Kronos validation error: 'volume' - defaulting to ALLOW
{"timestamp": "2026-04-14T14:58:26.988111+00:00", "signal": "BUY", "symbol": "EURUSDc", "kronos_agree": true, "confidence": 0.5, "threshold": 0.5, "decision": "ALLOW_ERROR", "mode": "advisory", "reason": "Error: 'volume'"}
Kronos validation error: 'volume' - defaulting to ALLOW
{"timestamp": "2026-04-14T15:28:27.115921+00:00", "signal": "BUY", "symbol": "EURUSDc", "kronos_agree": true, "confidence": 0.5, "threshold": 0.5, "decision": "ALLOW_ERROR", "mode": "advisory", "reason": "Error: 'volume'"}
Kronos validation error: 'volume' - defaulting to ALLOW
{"timestamp": "2026-04-16T00:00:36.966953+00:00", "signal": "BUY", "symbol": "EURUSDc", "kronos_agree": true, "confidence": 0.5, "threshold": 0.5, "decision": "ALLOW_ERROR", "mode": "advisory", "reason": "Error: 'volume'"}
Kronos validation error: 'volume' - defaulting to ALLOW
{"timestamp": "2026-04-16T00:01:15.877112+00:00", "signal": "BUY", "symbol": "EURUSDc", "kronos_agree": true, "confidence": 0.5, "threshold": 0.5, "decision": "ALLOW_ERROR", "mode": "advisory", "reason": "Error: 'volume'"}
Kronos validation error: 'volume' - defaulting to ALLOW
{"timestamp": "2026-04-16T00:02:13.208025+00:00", "signal": "BUY", "symbol": "EURUSDc", "kronos_agree": true, "confidence": 0.5, "threshold": 0.5, "decision": "ALLOW_ERROR", "mode": "advisory", "reason": "Error: 'volume'"}
Kronos validation error: 'volume' - defaulting to ALLOW
{"timestamp": "2026-04-16T00:13:31.036797+00:00", "signal": "BUY", "symbol": "EURUSDc", "kronos_agree": true, "confidence": 0.5, "threshold": 0.5, "decision": "ALLOW_ERROR", "mode": "advisory", "reason": "Error: 'volume'"}
Kronos validation error: 'volume' - defaulting to ALLOW
{"timestamp": "2026-04-17T09:28:35.488671+00:00", "signal": "BUY", "symbol": "EURUSDc", "kronos_agree": true, "confidence": 0.5, "threshold": 0.5, "decision": "ALLOW_ERROR", "mode": "advisory", "reason": "Error: 'volume'"}
{"timestamp": "2026-04-20T15:24:05.883843+00:00", "signal": "BUY", "symbol": "EURUSDc", "kronos_agree": true, "confidence": 0.9067481392081921, "threshold": 0.5, "decision": "ALLOW", "mode": "advisory", "reason": "Oracle Agrees (91%)"}
{"timestamp": "2026-04-22T19:34:17.034117+00:00", "signal": "BUY", "symbol": "EURUSD", "kronos_agree": false, "confidence": 0.5, "threshold": 0.75, "decision": "VETO_BLOCKED", "mode": "enforced", "reason": "Low Confidence (50%)"}
{"timestamp": "2026-04-22T19:36:09.939735+00:00", "signal": "BUY", "symbol": "EURUSD", "kronos_agree": true, "confidence": 0.95, "threshold": 0.75, "decision": "ALLOW", "mode": "enforced", "reason": "Agrees (95%)"}
{"timestamp": "2026-04-22T19:36:09.999446+00:00", "signal": "SELL", "symbol": "EURUSD", "kronos_agree": true, "confidence": 0.95, "threshold": 0.75, "decision": "ALLOW", "mode": "enforced", "reason": "Agrees (95%)"}
{"timestamp": "2026-04-27T03:46:17.288474+00:00", "signal": "BUY", "symbol": "GBPUSDc", "kronos_agree": true, "confidence": 0.95, "threshold": 0.75, "decision": "ALLOW", "mode": "enforced", "reason": "Agrees (95%)"}
{"timestamp": "2026-04-29T00:03:09.186013+00:00", "signal": "BUY", "symbol": "GBPUSDc", "kronos_agree": false, "confidence": 0.9, "threshold": 0.4, "decision": "VETO_BLOCKED", "mode": "enforced", "reason": "Disagrees (90%)"}
{"timestamp": "2026-04-29T01:03:09.515015+00:00", "signal": "BUY", "symbol": "GBPUSDc", "kronos_agree": false, "confidence": 0.9, "threshold": 0.4, "decision": "VETO_BLOCKED", "mode": "enforced", "reason": "Disagrees (90%)"}
{"timestamp": "2026-04-30T15:06:30.915042+00:00", "signal": "BUY", "symbol": "GBPUSDc", "kronos_agree": false, "confidence": 0.8, "threshold": 0.4, "decision": "VETO_BLOCKED", "mode": "enforced", "reason": "Disagrees (80%) | ICT Enhanced"}
{"timestamp": "2026-05-01T00:06:32.795692+00:00", "signal": "BUY", "symbol": "GBPUSDc", "kronos_agree": true, "confidence": 0.86, "threshold": 0.4, "decision": "ALLOW", "mode": "enforced", "reason": "Agrees (86%) | ICT Enhanced"}
{"timestamp": "2026-05-01T00:06:32.800422+00:00", "signal": "BUY", "symbol": "EURUSDc", "kronos_agree": true, "confidence": 0.9, "threshold": 0.4, "decision": "ALLOW", "mode": "enforced", "reason": "Agrees (90%) | ICT Enhanced"}
Kronos validation error: 'NoneType' object has no attribute 'tail' - defaulting to ALLOW
{"timestamp": "2026-05-01T10:54:40.942077+00:00", "signal": "BUY", "symbol": "EURUSD", "kronos_agree": true, "confidence": 0.5, "threshold": 0.4, "decision": "ALLOW_ERROR", "mode": "enforced", "reason": "Error: 'NoneType' object has no attribute 'tail'"}
{"timestamp": "2026-05-05T15:08:32.145886+00:00", "signal": "BUY", "symbol": "GBPUSDc", "kronos_agree": false, "confidence": 0.43, "threshold": 0.4, "decision": "VETO_BLOCKED", "mode": "enforced", "reason": "Disagrees (43%) | ICT Enhanced | Continuation without BOS"}
{"timestamp": "2026-05-05T15:38:32.404639+00:00", "signal": "BUY", "symbol": "GBPUSDc", "kronos_agree": false, "confidence": 0.53, "threshold": 0.4, "decision": "VETO_BLOCKED", "mode": "enforced", "reason": "Disagrees (53%) | ICT Enhanced"}
{"timestamp": "2026-05-05T15:53:32.605802+00:00", "signal": "BUY", "symbol": "GBPUSDc", "kronos_agree": false, "confidence": 0.53, "threshold": 0.4, "decision": "VETO_BLOCKED", "mode": "enforced", "reason": "Disagrees (53%) | ICT Enhanced"}
{"timestamp": "2026-05-07T08:38:16.255964+00:00", "signal": "BUY", "symbol": "EURUSDc", "kronos_agree": true, "confidence": 0.53, "threshold": 0.4, "decision": "ALLOW", "mode": "enforced", "reason": "Agrees (53%) | ICT Enhanced"}
{"timestamp": "2026-05-08T13:34:48.718287+00:00", "signal": "BUY", "symbol": "EURUSDc", "kronos_agree": false, "confidence": 0.52, "threshold": 0.4, "decision": "VETO_BLOCKED", "mode": "enforced", "reason": "Disagrees (52%) | ICT Enhanced"}
{"timestamp": "2026-05-08T13:34:48.728193+00:00", "signal": "BUY", "symbol": "GBPUSDc", "kronos_agree": false, "confidence": 0.52, "threshold": 0.4, "decision": "VETO_BLOCKED", "mode": "enforced", "reason": "Disagrees (52%) | ICT Enhanced"}
{"timestamp": "2026-05-11T07:09:47.740973+00:00", "signal": "BUY", "symbol": "EURUSDc", "kronos_agree": true, "confidence": 0.55, "threshold": 0.4, "decision": "ALLOW", "mode": "enforced", "reason": "Agrees (55%) | ICT Enhanced"}
{"timestamp": "2026-05-11T13:54:49.896892+00:00", "signal": "BUY", "symbol": "EURUSDc", "kronos_agree": true, "confidence": 0.54, "threshold": 0.4, "decision": "ALLOW", "mode": "enforced", "reason": "Agrees (54%) | ICT Enhanced"}
{"timestamp": "2026-05-15T01:36:01.346979+00:00", "signal": "SELL", "symbol": "GBPUSDc", "kronos_agree": true, "confidence": 0.5, "threshold": 0.4, "decision": "ALLOW", "mode": "enforced", "reason": "API Fallback (Error: Missing required column: open)"}
{"timestamp": "2026-05-16T10:04:03.514476+00:00", "signal": "BUY", "symbol": "EURUSD", "kronos_agree": true, "confidence": 0.65, "threshold": 0.4, "decision": "ALLOW", "mode": "advisory", "reason": "Agrees (65%) | ICT Enhanced"}
Database initialized: vuka_trading.db
Database initialized: vuka_trading.db
Database initialized: vuka_trading.db
Database initialized: vuka_trading.db
Database initialized: vuka_trading.db
Database initialized: vuka_trading.db
Database initialized: vuka_trading.db
Database initialized: vuka_trading.db
Database initialized: vuka_trading.db
Database initialized: vuka_trading.db
Database initialized: vuka_trading.db
Database initialized: vuka_trading.db
Database initialized: vuka_trading.db
Database initialized: vuka_trading.db
Database initialized: vuka_trading.db
Database initialized: vuka_trading.db
Database initialized: vuka_trading.db
Database initialized: vuka_trading.db
Database initialized: vuka_trading.db
Database initialized: vuka_trading.db
Database initialized: vuka_trading.db
Database initialized: vuka_trading.db
Database initialized: vuka_trading.db
Database initialized: vuka_trading.db
Database initialized: vuka_trading.db
Database initialized: vuka_trading.db
Database initialized: vuka_trading.db
Database initialized: vuka_trading.db
Database initialized: vuka_trading.db
Database initialized: vuka_trading.db
Database initialized: vuka_trading.db
Database initialized: vuka_trading.db
Database initialized: vuka_trading.db
Database initialized: vuka_trading.db
Database initialized: vuka_trading.db
Database initialized: vuka_trading.db
Database initialized: vuka_trading.db
Database initialized: vuka_trading.db
Database initialized: vuka_trading.db
Database initialized: vuka_trading.db
Database initialized: vuka_trading.db
Database initialized: vuka_trading.db
Database initialized: vuka_trading.db
Database initialized: vuka_trading.db
Database initialized: vuka_trading.db
Database initialized: vuka_trading.db
Database initialized: vuka_trading.db
Database initialized: vuka_trading.db
Database initialized: vuka_trading.db
Database initialized: vuka_trading.db
Database initialized: vuka_trading.db
Database initialized: vuka_trading.db
Database initialized: vuka_trading.db
Database initialized: vuka_trading.db
Database initialized: vuka_trading.db
Database initialized: vuka_trading.db
Database initialized: vuka_trading.db
Database initialized: vuka_trading.db
Database initialized: vuka_trading.db
Database initialized: vuka_trading.db
Database initialized: vuka_trading.db
Database initialized: vuka_trading.db
Database initialized: vuka_trading.db
Database initialized: vuka_trading.db
Database initialized: vuka_trading.db
Database initialized: vuka_trading.db
Database initialized: vuka_trading.db
Database initialized: vuka_trading.db
Database initialized: vuka_trading.db
Database initialized: vuka_trading.db
Database initialized: vuka_trading.db
Database initialized: vuka_trading.db
Database initialized: vuka_trading.db
Database initialized: vuka_trading.db
Database initialized: vuka_trading.db
Database initialized: vuka_trading.db
Database initialized: vuka_trading.db
Database initialized: vuka_trading.db
Database initialized: vuka_trading.db
Database initialized: vuka_trading.db
Database initialized: vuka_trading.db
Database initialized: vuka_trading.db
Database initialized: vuka_trading.db
Database initialized: vuka_trading.db
Database initialized: vuka_trading.db
Database initialized: vuka_trading.db
Database initialized: vuka_trading.db
Database initialized: vuka_trading.db
Database initialized: vuka_trading.db
Database initialized: vuka_trading.db
Database initialized: vuka_trading.db
Database initialized: vuka_trading.db
Database initialized: vuka_trading.db
Database initialized: vuka_trading.db
Database initialized: vuka_trading.db
Database initialized: vuka_trading.db
Database initialized: vuka_trading.db
Database initialized: vuka_trading.db
Database initialized: vuka_trading.db
Database initialized: vuka_trading.db
Database initialized: vuka_trading.db
Database initialized: vuka_trading.db
Database initialized: vuka_trading.db
Database initialized: vuka_trading.db
Database initialized: vuka_trading.db
Database initialized: vuka_trading.db
Database initialized: vuka_trading.db
Database initialized: vuka_trading.db
Database initialized: vuka_trading.db
Database initialized: vuka_trading.db
Database initialized: vuka_trading.db
Database initialized: vuka_trading.db
Database initialized: vuka_trading.db
Database initialized: vuka_trading.db
Database initialized: vuka_trading.db
Database initialized: vuka_trading.db
Database initialized: vuka_trading.db
Database initialized: vuka_trading.db
Database initialized: vuka_trading.db
Database initialized: vuka_trading.db
Database initialized: vuka_trading.db
Database initialized: vuka_trading.db
Database initialized: vuka_trading.db
{"timestamp": "2026-05-26T13:46:59.707851+00:00", "signal": "SELL", "symbol": "GBPUSDc", "kronos_agree": false, "confidence": 0.41, "threshold": 0.4, "decision": "VETO_BLOCKED", "mode": "enforced", "safety_mode": "VETO_SAFE", "circuit_breaker_state": "CLOSED", "reason": "Disagrees (41%) | ICT Enhanced | Continuation without BOS"}
{"timestamp": "2026-05-26T15:02:00.564241+00:00", "signal": "SELL", "symbol": "GBPUSDc", "kronos_agree": false, "confidence": 0.51, "threshold": 0.4, "decision": "VETO_BLOCKED", "mode": "enforced", "safety_mode": "VETO_SAFE", "circuit_breaker_state": "CLOSED", "reason": "Disagrees (51%) | ICT Enhanced"}
{"timestamp": "2026-05-26T15:17:00.770166+00:00", "signal": "SELL", "symbol": "GBPUSDc", "kronos_agree": false, "confidence": 0.51, "threshold": 0.4, "decision": "VETO_BLOCKED", "mode": "enforced", "safety_mode": "VETO_SAFE", "circuit_breaker_state": "CLOSED", "reason": "Disagrees (51%) | ICT Enhanced"}
Database initialized: vuka_trading.db
Database initialized: vuka_trading.db
Database initialized: vuka_trading.db
Database initialized: vuka_trading.db
Database initialized: vuka_trading.db
Database initialized: vuka_trading.db
Database initialized: vuka_trading.db
Database initialized: vuka_trading.db
Database initialized: vuka_trading.db
Database initialized: vuka_trading.db
Database initialized: vuka_trading.db
Database initialized: vuka_trading.db
Database initialized: vuka_trading.db
Database initialized: vuka_trading.db
Database initialized: vuka_trading.db
{"timestamp": "2026-05-27T15:02:47.164467+00:00", "signal": "SELL", "symbol": "GBPUSDc", "kronos_agree": true, "confidence": 0.52, "threshold": 0.4, "decision": "ALLOW", "mode": "enforced", "safety_mode": "VETO_SAFE", "circuit_breaker_state": "CLOSED", "reason": "Agrees (52%) | ICT Enhanced"}
{"timestamp": "2026-05-27T15:02:47.178764+00:00", "signal": "SELL", "symbol": "EURUSDc", "kronos_agree": false, "confidence": 0.5, "threshold": 0.4, "decision": "VETO_BLOCKED", "mode": "enforced", "safety_mode": "VETO_SAFE", "circuit_breaker_state": "CLOSED", "reason": "Disagrees (50%) | ICT Enhanced"}
{"timestamp": "2026-05-27T17:17:47.723366+00:00", "signal": "SELL", "symbol": "EURUSDc", "kronos_agree": false, "confidence": 0.5, "threshold": 0.4, "decision": "VETO_BLOCKED", "mode": "enforced", "safety_mode": "VETO_SAFE", "circuit_breaker_state": "CLOSED", "reason": "Disagrees (50%) | ICT Enhanced"}
Database initialized: vuka_trading.db
Database initialized: vuka_trading.db
Database initialized: vuka_trading.db
Database initialized: vuka_trading.db
{"timestamp": "2026-05-28T01:46:49.166724+00:00", "signal": "SELL", "symbol": "EURUSDc", "kronos_agree": true, "confidence": 0.5, "threshold": 0.4, "decision": "ALLOW", "mode": "enforced", "safety_mode": "VETO_SAFE", "circuit_breaker_state": "CLOSED", "reason": "Agrees (50%) | ICT Enhanced"}
{"timestamp": "2026-05-28T03:16:49.444353+00:00", "signal": "SELL", "symbol": "GBPUSDc", "kronos_agree": true, "confidence": 0.51, "threshold": 0.4, "decision": "ALLOW", "mode": "enforced", "safety_mode": "VETO_SAFE", "circuit_breaker_state": "CLOSED", "reason": "Agrees (51%) | ICT Enhanced"}
{"timestamp": "2026-05-28T03:31:49.589182+00:00", "signal": "SELL", "symbol": "GBPUSDc", "kronos_agree": true, "confidence": 0.51, "threshold": 0.4, "decision": "ALLOW", "mode": "enforced", "safety_mode": "VETO_SAFE", "circuit_breaker_state": "CLOSED", "reason": "Agrees (51%) | ICT Enhanced"}
{"timestamp": "2026-05-29T07:31:57.053264+00:00", "signal": "BUY", "symbol": "EURUSDc", "kronos_agree": true, "confidence": 0.5, "threshold": 0.4, "decision": "ALLOW", "mode": "enforced", "safety_mode": "VETO_SAFE", "circuit_breaker_state": "CLOSED", "reason": "Agrees (50%) | ICT Enhanced"}
Database initialized: vuka_trading.db
